Watching for file changes with StatReloader
Internal Server Error: /upload_image/
Internal Server Error: /upload_image/
Internal Server Error: /upload_image/
C:\Users\cindy\OneDrive\Desktop\Tugas Akhir\Code\AutoGenerateMotif\Website\views.py changed, reloading.
Watching for file changes with StatReloader
C:\Users\cindy\OneDrive\Desktop\Tugas Akhir\Code\AutoGenerateMotif\Website\views.py changed, reloading.
Watching for file changes with StatReloader
C:\Users\cindy\OneDrive\Desktop\Tugas Akhir\Code\AutoGenerateMotif\Website\views.py changed, reloading.
Watching for file changes with StatReloader
Memulai upload gambar
Tidak ada file yang diupload
Bad Request: /upload_image/
C:\Users\cindy\OneDrive\Desktop\Tugas Akhir\Code\AutoGenerateMotif\Website\views.py changed, reloading.
Watching for file changes with StatReloader
C:\Users\cindy\OneDrive\Desktop\Tugas Akhir\Code\AutoGenerateMotif\Website\views.py changed, reloading.
Watching for file changes with StatReloader
C:\Users\cindy\OneDrive\Desktop\Tugas Akhir\Code\AutoGenerateMotif\Website\views.py changed, reloading.
Watching for file changes with StatReloader
C:\Users\cindy\OneDrive\Desktop\Tugas Akhir\Code\AutoGenerateMotif\Website\views.py changed, reloading.
Watching for file changes with StatReloader
C:\Users\cindy\OneDrive\Desktop\Tugas Akhir\Code\AutoGenerateMotif\Website\views.py changed, reloading.
Watching for file changes with StatReloader
C:\Users\cindy\OneDrive\Desktop\Tugas Akhir\Code\AutoGenerateMotif\Website\views.py changed, reloading.
Watching for file changes with StatReloader
C:\Users\cindy\OneDrive\Desktop\Tugas Akhir\Code\AutoGenerateMotif\Website\views.py changed, reloading.
Watching for file changes with StatReloader
C:\Users\cindy\OneDrive\Desktop\Tugas Akhir\Code\AutoGenerateMotif\Website\views.py changed, reloading.
Watching for file changes with StatReloader
C:\Users\cindy\OneDrive\Desktop\Tugas Akhir\Code\AutoGenerateMotif\Website\views.py changed, reloading.
Watching for file changes with StatReloader
C:\Users\cindy\OneDrive\Desktop\Tugas Akhir\Code\AutoGenerateMotif\Website\views.py changed, reloading.
Watching for file changes with StatReloader
C:\Users\cindy\OneDrive\Desktop\Tugas Akhir\Code\AutoGenerateMotif\Website\views.py changed, reloading.
Watching for file changes with StatReloader
C:\Users\cindy\OneDrive\Desktop\Tugas Akhir\Code\AutoGenerateMotif\Website\views.py changed, reloading.
Watching for file changes with StatReloader
C:\Users\cindy\OneDrive\Desktop\Tugas Akhir\Code\AutoGenerateMotif\Website\views.py changed, reloading.
Watching for file changes with StatReloader
C:\Users\cindy\OneDrive\Desktop\Tugas Akhir\Code\AutoGenerateMotif\Website\views.py changed, reloading.
Watching for file changes with StatReloader
C:\Users\cindy\OneDrive\Desktop\Tugas Akhir\Code\AutoGenerateMotif\Website\views.py changed, reloading.
Watching for file changes with StatReloader
Watching for file changes with StatReloader
C:\Users\cindy\OneDrive\Desktop\Tugas Akhir\Code\AutoGenerateMotif\Website\views.py changed, reloading.
Watching for file changes with StatReloader
C:\Users\cindy\OneDrive\Desktop\Tugas Akhir\Code\AutoGenerateMotif\Website\views.py changed, reloading.
Watching for file changes with StatReloader
C:\Users\cindy\OneDrive\Desktop\Tugas Akhir\Code\AutoGenerateMotif\Website\views.py changed, reloading.
Watching for file changes with StatReloader
C:\Users\cindy\OneDrive\Desktop\Tugas Akhir\Code\AutoGenerateMotif\Website\models.py changed, reloading.
Watching for file changes with StatReloader
C:\Users\cindy\OneDrive\Desktop\Tugas Akhir\Code\AutoGenerateMotif\Website\models.py changed, reloading.
Watching for file changes with StatReloader
C:\Users\cindy\OneDrive\Desktop\Tugas Akhir\Code\AutoGenerateMotif\Website\views.py changed, reloading.
Watching for file changes with StatReloader
C:\Users\cindy\OneDrive\Desktop\Tugas Akhir\Code\AutoGenerateMotif\Website\views.py changed, reloading.
Watching for file changes with StatReloader
C:\Users\cindy\OneDrive\Desktop\Tugas Akhir\Code\AutoGenerateMotif\Website\views.py changed, reloading.
Watching for file changes with StatReloader
C:\Users\cindy\OneDrive\Desktop\Tugas Akhir\Code\AutoGenerateMotif\Website\views.py changed, reloading.
Watching for file changes with StatReloader
C:\Users\cindy\OneDrive\Desktop\Tugas Akhir\Code\AutoGenerateMotif\Website\views.py changed, reloading.
Watching for file changes with StatReloader
C:\Users\cindy\OneDrive\Desktop\Tugas Akhir\Code\AutoGenerateMotif\Website\views.py changed, reloading.
Watching for file changes with StatReloader
C:\Users\cindy\OneDrive\Desktop\Tugas Akhir\Code\AutoGenerateMotif\Website\views.py changed, reloading.
Watching for file changes with StatReloader
C:\Users\cindy\OneDrive\Desktop\Tugas Akhir\Code\AutoGenerateMotif\Website\views.py changed, reloading.
Watching for file changes with StatReloader
C:\Users\cindy\OneDrive\Desktop\Tugas Akhir\Code\AutoGenerateMotif\Website\views.py changed, reloading.
Watching for file changes with StatReloader
C:\Users\cindy\OneDrive\Desktop\Tugas Akhir\Code\AutoGenerateMotif\Website\views.py changed, reloading.
Watching for file changes with StatReloader
C:\Users\cindy\OneDrive\Desktop\Tugas Akhir\Code\AutoGenerateMotif\Website\views.py changed, reloading.
Watching for file changes with StatReloader
C:\Users\cindy\OneDrive\Desktop\Tugas Akhir\Code\AutoGenerateMotif\Website\views.py changed, reloading.
Watching for file changes with StatReloader
C:\Users\cindy\OneDrive\Desktop\Tugas Akhir\Code\AutoGenerateMotif\Website\views.py changed, reloading.
Watching for file changes with StatReloader
C:\Users\cindy\OneDrive\Desktop\Tugas Akhir\Code\AutoGenerateMotif\Website\views.py changed, reloading.
Watching for file changes with StatReloader
C:\Users\cindy\OneDrive\Desktop\Tugas Akhir\Code\AutoGenerateMotif\Website\views.py changed, reloading.
Watching for file changes with StatReloader
C:\Users\cindy\OneDrive\Desktop\Tugas Akhir\Code\AutoGenerateMotif\Website\views.py changed, reloading.
Watching for file changes with StatReloader
C:\Users\cindy\OneDrive\Desktop\Tugas Akhir\Code\AutoGenerateMotif\Website\views.py changed, reloading.
Watching for file changes with StatReloader
C:\Users\cindy\OneDrive\Desktop\Tugas Akhir\Code\AutoGenerateMotif\Website\views.py changed, reloading.
Watching for file changes with StatReloader
Watching for file changes with StatReloader
Watching for file changes with StatReloader
Watching for file changes with StatReloader
C:\Users\cindy\OneDrive\Desktop\Tugas Akhir\Code\AutoGenerateMotif\Website\views.py changed, reloading.
Watching for file changes with StatReloader
C:\Users\cindy\OneDrive\Desktop\Tugas Akhir\Code\AutoGenerateMotif\Website\views.py changed, reloading.
Watching for file changes with StatReloader
C:\Users\cindy\OneDrive\Desktop\Tugas Akhir\Code\AutoGenerateMotif\Website\views.py changed, reloading.
Watching for file changes with StatReloader
C:\Users\cindy\OneDrive\Desktop\Tugas Akhir\Code\AutoGenerateMotif\Website\views.py changed, reloading.
Watching for file changes with StatReloader
C:\Users\cindy\OneDrive\Desktop\Tugas Akhir\Code\AutoGenerateMotif\Website\views.py changed, reloading.
Watching for file changes with StatReloader
C:\Users\cindy\OneDrive\Desktop\Tugas Akhir\Code\AutoGenerateMotif\Website\views.py changed, reloading.
Watching for file changes with StatReloader
C:\Users\cindy\OneDrive\Desktop\Tugas Akhir\Code\AutoGenerateMotif\Website\views.py changed, reloading.
Watching for file changes with StatReloader
Watching for file changes with StatReloader
Watching for file changes with StatReloader
Watching for file changes with StatReloader
C:\Users\1652\Downloads\AutoGenerateMotif\AutoGenerateMotif\Website\settings.py changed, reloading.
Watching for file changes with StatReloader
Internal Server Error: /generator/external
Traceback (most recent call last):
  File "C:\Users\1652\AppData\Local\Programs\Python\Python311\Lib\site-packages\django\core\handlers\exception.py", line 55, in inner
    response = get_response(request)
               ^^^^^^^^^^^^^^^^^^^^^
  File "C:\Users\1652\AppData\Local\Programs\Python\Python311\Lib\site-packages\django\core\handlers\base.py", line 197, in _get_response
    response = wrapped_callback(request, *callback_args, **callback_kwargs)
               ^^^^^^^^^^^^^^^^^^^^^^^^^^^^^^^^^^^^^^^^^^^^^^^^^^^^^^^^^^^^
  File "C:\Users\1652\Downloads\AutoGenerateMotif\AutoGenerateMotif\Website\views.py", line 169, in external
    URLEdit, UrutanLidi = Image.imageOdd()
                          ^^^^^^^^^^^^^^^^
  File "C:\Users\1652\Downloads\AutoGenerateMotif\AutoGenerateMotif\Website\CreateImageModule.py", line 276, in imageOdd
    world = pants.World(comb, SkorACO)
            ^^^^^
NameError: name 'pants' is not defined
Not Found: /favicon.ico
C:\Users\1652\Downloads\AutoGenerateMotif\AutoGenerateMotif\Website\CreateImageModule.py changed, reloading.
Watching for file changes with StatReloader
Internal Server Error: /generator/external
Traceback (most recent call last):
  File "C:\Users\1652\AppData\Local\Programs\Python\Python311\Lib\site-packages\django\core\handlers\exception.py", line 55, in inner
    response = get_response(request)
               ^^^^^^^^^^^^^^^^^^^^^
  File "C:\Users\1652\AppData\Local\Programs\Python\Python311\Lib\site-packages\django\core\handlers\base.py", line 197, in _get_response
    response = wrapped_callback(request, *callback_args, **callback_kwargs)
               ^^^^^^^^^^^^^^^^^^^^^^^^^^^^^^^^^^^^^^^^^^^^^^^^^^^^^^^^^^^^
  File "C:\Users\1652\Downloads\AutoGenerateMotif\AutoGenerateMotif\Website\views.py", line 169, in external
    URLEdit, UrutanLidi = Image.imageOdd()
                          ^^^^^^^^^^^^^^^^
  File "C:\Users\1652\Downloads\AutoGenerateMotif\AutoGenerateMotif\Website\CreateImageModule.py", line 115, in imageOdd
    return self._generate_image(is_even=False)
           ^^^^^^^^^^^^^^^^^^^^^^^^^^^^^^^^^^^
  File "C:\Users\1652\Downloads\AutoGenerateMotif\AutoGenerateMotif\Website\CreateImageModule.py", line 175, in _generate_image
    graph = {edge: SkorACO(*edge) for edge in comb}
            ^^^^^^^^^^^^^^^^^^^^^^^^^^^^^^^^^^^^^^^
  File "C:\Users\1652\Downloads\AutoGenerateMotif\AutoGenerateMotif\Website\CreateImageModule.py", line 175, in <dictcomp>
    graph = {edge: SkorACO(*edge) for edge in comb}
                   ^^^^^^^^^^^^^^
  File "C:\Users\1652\Downloads\AutoGenerateMotif\AutoGenerateMotif\Website\CreateImageModule.py", line 119, in SkorACO
    temp1 = Array_data[a[0]]
                       ~^^^
TypeError: 'int' object is not subscriptable
C:\Users\1652\Downloads\AutoGenerateMotif\AutoGenerateMotif\Website\CreateImageModule.py changed, reloading.
Watching for file changes with StatReloader
Watching for file changes with StatReloader
Internal Server Error: /generator/external
Traceback (most recent call last):
  File "C:\Users\1652\AppData\Local\Programs\Python\Python311\Lib\site-packages\django\core\handlers\exception.py", line 55, in inner
    response = get_response(request)
               ^^^^^^^^^^^^^^^^^^^^^
  File "C:\Users\1652\AppData\Local\Programs\Python\Python311\Lib\site-packages\django\core\handlers\base.py", line 197, in _get_response
    response = wrapped_callback(request, *callback_args, **callback_kwargs)
               ^^^^^^^^^^^^^^^^^^^^^^^^^^^^^^^^^^^^^^^^^^^^^^^^^^^^^^^^^^^^
  File "C:\Users\1652\Downloads\AutoGenerateMotif\AutoGenerateMotif\Website\views.py", line 169, in external
    URLEdit, UrutanLidi = Image.imageOdd()
                          ^^^^^^^^^^^^^^^^
  File "C:\Users\1652\Downloads\AutoGenerateMotif\AutoGenerateMotif\Website\CreateImageModule.py", line 115, in imageOdd
    return self._generate_image(is_even=False)
           ^^^^^^^^^^^^^^^^^^^^^^^^^^^^^^^^^^^
  File "C:\Users\1652\Downloads\AutoGenerateMotif\AutoGenerateMotif\Website\CreateImageModule.py", line 177, in _generate_image
    graph = {edge: SkorACO(*edge) for edge in comb}
            ^^^^^^^^^^^^^^^^^^^^^^^^^^^^^^^^^^^^^^^
  File "C:\Users\1652\Downloads\AutoGenerateMotif\AutoGenerateMotif\Website\CreateImageModule.py", line 177, in <dictcomp>
    graph = {edge: SkorACO(*edge) for edge in comb}
                   ^^^^^^^^^^^^^^
  File "C:\Users\1652\Downloads\AutoGenerateMotif\AutoGenerateMotif\Website\CreateImageModule.py", line 120, in SkorACO
    raise ValueError(f"Expected tuples, got a={a}, b={b}")
ValueError: Expected tuples, got a=0, b=1
C:\Users\1652\Downloads\AutoGenerateMotif\AutoGenerateMotif\Website\CreateImageModule.py changed, reloading.
Watching for file changes with StatReloader
Watching for file changes with StatReloader
C:\Users\1652\Downloads\AutoGenerateMotif\AutoGenerateMotif\Website\views.py changed, reloading.
Watching for file changes with StatReloader
C:\Users\1652\Downloads\AutoGenerateMotif\AutoGenerateMotif\Website\views.py changed, reloading.
Watching for file changes with StatReloader
C:\Users\1652\Downloads\AutoGenerateMotif\AutoGenerateMotif\Website\views.py changed, reloading.
Watching for file changes with StatReloader
C:\Users\1652\Downloads\AutoGenerateMotif\AutoGenerateMotif\Website\views.py changed, reloading.
Watching for file changes with StatReloader
C:\Users\1652\Downloads\AutoGenerateMotif\AutoGenerateMotif\Website\views.py changed, reloading.
Watching for file changes with StatReloader
C:\Users\1652\Downloads\AutoGenerateMotif\AutoGenerateMotif\Website\views.py changed, reloading.
Watching for file changes with StatReloader
C:\Users\1652\Downloads\AutoGenerateMotif\AutoGenerateMotif\Website\views.py changed, reloading.
Watching for file changes with StatReloader
Watching for file changes with StatReloader
Internal Server Error: /download/
Traceback (most recent call last):
  File "C:\Users\1652\AppData\Local\Programs\Python\Python311\Lib\site-packages\django\template\base.py", line 505, in parse
    compile_func = self.tags[command]
                   ~~~~~~~~~^^^^^^^^^
KeyError: 'endif'

During handling of the above exception, another exception occurred:

Traceback (most recent call last):
  File "C:\Users\1652\AppData\Local\Programs\Python\Python311\Lib\site-packages\django\core\handlers\exception.py", line 55, in inner
    response = get_response(request)
               ^^^^^^^^^^^^^^^^^^^^^
  File "C:\Users\1652\AppData\Local\Programs\Python\Python311\Lib\site-packages\django\core\handlers\base.py", line 197, in _get_response
    response = wrapped_callback(request, *callback_args, **callback_kwargs)
               ^^^^^^^^^^^^^^^^^^^^^^^^^^^^^^^^^^^^^^^^^^^^^^^^^^^^^^^^^^^^
  File "C:\Users\1652\Downloads\AutoGenerateMotif\AutoGenerateMotif\Website\views.py", line 275, in download
    return render(request, 'download.html', context)
           ^^^^^^^^^^^^^^^^^^^^^^^^^^^^^^^^^^^^^^^^^
  File "C:\Users\1652\AppData\Local\Programs\Python\Python311\Lib\site-packages\django\shortcuts.py", line 24, in render
    content = loader.render_to_string(template_name, context, request, using=using)
              ^^^^^^^^^^^^^^^^^^^^^^^^^^^^^^^^^^^^^^^^^^^^^^^^^^^^^^^^^^^^^^^^^^^^^
  File "C:\Users\1652\AppData\Local\Programs\Python\Python311\Lib\site-packages\django\template\loader.py", line 61, in render_to_string
    template = get_template(template_name, using=using)
               ^^^^^^^^^^^^^^^^^^^^^^^^^^^^^^^^^^^^^^^^
  File "C:\Users\1652\AppData\Local\Programs\Python\Python311\Lib\site-packages\django\template\loader.py", line 15, in get_template
    return engine.get_template(template_name)
           ^^^^^^^^^^^^^^^^^^^^^^^^^^^^^^^^^^
  File "C:\Users\1652\AppData\Local\Programs\Python\Python311\Lib\site-packages\django\template\backends\django.py", line 34, in get_template
    return Template(self.engine.get_template(template_name), self)
                    ^^^^^^^^^^^^^^^^^^^^^^^^^^^^^^^^^^^^^^^
  File "C:\Users\1652\AppData\Local\Programs\Python\Python311\Lib\site-packages\django\template\engine.py", line 175, in get_template
    template, origin = self.find_template(template_name)
                       ^^^^^^^^^^^^^^^^^^^^^^^^^^^^^^^^^
  File "C:\Users\1652\AppData\Local\Programs\Python\Python311\Lib\site-packages\django\template\engine.py", line 157, in find_template
    template = loader.get_template(name, skip=skip)
               ^^^^^^^^^^^^^^^^^^^^^^^^^^^^^^^^^^^^
  File "C:\Users\1652\AppData\Local\Programs\Python\Python311\Lib\site-packages\django\template\loaders\cached.py", line 57, in get_template
    template = super().get_template(template_name, skip)
               ^^^^^^^^^^^^^^^^^^^^^^^^^^^^^^^^^^^^^^^^^
  File "C:\Users\1652\AppData\Local\Programs\Python\Python311\Lib\site-packages\django\template\loaders\base.py", line 28, in get_template
    return Template(
           ^^^^^^^^^
  File "C:\Users\1652\AppData\Local\Programs\Python\Python311\Lib\site-packages\django\template\base.py", line 154, in _init_
    self.nodelist = self.compile_nodelist()
                    ^^^^^^^^^^^^^^^^^^^^^^^
  File "C:\Users\1652\AppData\Local\Programs\Python\Python311\Lib\site-packages\django\template\base.py", line 200, in compile_nodelist
    return parser.parse()
           ^^^^^^^^^^^^^^
  File "C:\Users\1652\AppData\Local\Programs\Python\Python311\Lib\site-packages\django\template\base.py", line 507, in parse
    self.invalid_block_tag(token, command, parse_until)
  File "C:\Users\1652\AppData\Local\Programs\Python\Python311\Lib\site-packages\django\template\base.py", line 568, in invalid_block_tag
    raise self.error(
django.template.exceptions.TemplateSyntaxError: Invalid block tag on line 93: 'endif'. Did you forget to register or load this tag?
C:\Users\1652\Downloads\AutoGenerateMotif\AutoGenerateMotif\Website\urls.py changed, reloading.
Watching for file changes with StatReloader
C:\Users\1652\Downloads\AutoGenerateMotif\AutoGenerateMotif\Website\views.py changed, reloading.
Watching for file changes with StatReloader
C:\Users\1652\Downloads\AutoGenerateMotif\AutoGenerateMotif\Website\views.py changed, reloading.
Watching for file changes with StatReloader
C:\Users\1652\Downloads\AutoGenerateMotif\AutoGenerateMotif\Website\views.py changed, reloading.
Watching for file changes with StatReloader
Watching for file changes with StatReloader
Internal Server Error: /download/
Traceback (most recent call last):
  File "C:\Users\1652\AppData\Local\Programs\Python\Python311\Lib\site-packages\django\template\base.py", line 505, in parse
    compile_func = self.tags[command]
                   ~~~~~~~~~^^^^^^^^^
KeyError: 'endif'

During handling of the above exception, another exception occurred:

Traceback (most recent call last):
  File "C:\Users\1652\AppData\Local\Programs\Python\Python311\Lib\site-packages\django\core\handlers\exception.py", line 55, in inner
    response = get_response(request)
               ^^^^^^^^^^^^^^^^^^^^^
  File "C:\Users\1652\AppData\Local\Programs\Python\Python311\Lib\site-packages\django\core\handlers\base.py", line 197, in _get_response
    response = wrapped_callback(request, *callback_args, **callback_kwargs)
               ^^^^^^^^^^^^^^^^^^^^^^^^^^^^^^^^^^^^^^^^^^^^^^^^^^^^^^^^^^^^
  File "C:\Users\1652\Downloads\AutoGenerateMotif\AutoGenerateMotif\Website\views.py", line 275, in download
    return render(request, 'download.html', context)
           ^^^^^^^^^^^^^^^^^^^^^^^^^^^^^^^^^^^^^^^^^
  File "C:\Users\1652\AppData\Local\Programs\Python\Python311\Lib\site-packages\django\shortcuts.py", line 24, in render
    content = loader.render_to_string(template_name, context, request, using=using)
              ^^^^^^^^^^^^^^^^^^^^^^^^^^^^^^^^^^^^^^^^^^^^^^^^^^^^^^^^^^^^^^^^^^^^^
  File "C:\Users\1652\AppData\Local\Programs\Python\Python311\Lib\site-packages\django\template\loader.py", line 61, in render_to_string
    template = get_template(template_name, using=using)
               ^^^^^^^^^^^^^^^^^^^^^^^^^^^^^^^^^^^^^^^^
  File "C:\Users\1652\AppData\Local\Programs\Python\Python311\Lib\site-packages\django\template\loader.py", line 15, in get_template
    return engine.get_template(template_name)
           ^^^^^^^^^^^^^^^^^^^^^^^^^^^^^^^^^^
  File "C:\Users\1652\AppData\Local\Programs\Python\Python311\Lib\site-packages\django\template\backends\django.py", line 34, in get_template
    return Template(self.engine.get_template(template_name), self)
                    ^^^^^^^^^^^^^^^^^^^^^^^^^^^^^^^^^^^^^^^
  File "C:\Users\1652\AppData\Local\Programs\Python\Python311\Lib\site-packages\django\template\engine.py", line 175, in get_template
    template, origin = self.find_template(template_name)
                       ^^^^^^^^^^^^^^^^^^^^^^^^^^^^^^^^^
  File "C:\Users\1652\AppData\Local\Programs\Python\Python311\Lib\site-packages\django\template\engine.py", line 157, in find_template
    template = loader.get_template(name, skip=skip)
               ^^^^^^^^^^^^^^^^^^^^^^^^^^^^^^^^^^^^
  File "C:\Users\1652\AppData\Local\Programs\Python\Python311\Lib\site-packages\django\template\loaders\cached.py", line 57, in get_template
    template = super().get_template(template_name, skip)
               ^^^^^^^^^^^^^^^^^^^^^^^^^^^^^^^^^^^^^^^^^
  File "C:\Users\1652\AppData\Local\Programs\Python\Python311\Lib\site-packages\django\template\loaders\base.py", line 28, in get_template
    return Template(
           ^^^^^^^^^
  File "C:\Users\1652\AppData\Local\Programs\Python\Python311\Lib\site-packages\django\template\base.py", line 154, in _init_
    self.nodelist = self.compile_nodelist()
                    ^^^^^^^^^^^^^^^^^^^^^^^
  File "C:\Users\1652\AppData\Local\Programs\Python\Python311\Lib\site-packages\django\template\base.py", line 200, in compile_nodelist
    return parser.parse()
           ^^^^^^^^^^^^^^
  File "C:\Users\1652\AppData\Local\Programs\Python\Python311\Lib\site-packages\django\template\base.py", line 507, in parse
    self.invalid_block_tag(token, command, parse_until)
  File "C:\Users\1652\AppData\Local\Programs\Python\Python311\Lib\site-packages\django\template\base.py", line 568, in invalid_block_tag
    raise self.error(
django.template.exceptions.TemplateSyntaxError: Invalid block tag on line 93: 'endif'. Did you forget to register or load this tag?
Internal Server Error: /list
Traceback (most recent call last):
  File "C:\Users\1652\AppData\Local\Programs\Python\Python311\Lib\site-packages\django\core\handlers\exception.py", line 55, in inner
    response = get_response(request)
               ^^^^^^^^^^^^^^^^^^^^^
  File "C:\Users\1652\AppData\Local\Programs\Python\Python311\Lib\site-packages\django\core\handlers\base.py", line 197, in _get_response
    response = wrapped_callback(request, *callback_args, **callback_kwargs)
               ^^^^^^^^^^^^^^^^^^^^^^^^^^^^^^^^^^^^^^^^^^^^^^^^^^^^^^^^^^^^
  File "C:\Users\1652\Downloads\AutoGenerateMotif\AutoGenerateMotif\Website\views.py", line 379, in show
    return render(request, "ListMotif.html", context)
           ^^^^^^^^^^^^^^^^^^^^^^^^^^^^^^^^^^^^^^^^^^
  File "C:\Users\1652\AppData\Local\Programs\Python\Python311\Lib\site-packages\django\shortcuts.py", line 24, in render
    content = loader.render_to_string(template_name, context, request, using=using)
              ^^^^^^^^^^^^^^^^^^^^^^^^^^^^^^^^^^^^^^^^^^^^^^^^^^^^^^^^^^^^^^^^^^^^^
  File "C:\Users\1652\AppData\Local\Programs\Python\Python311\Lib\site-packages\django\template\loader.py", line 62, in render_to_string
    return template.render(context, request)
           ^^^^^^^^^^^^^^^^^^^^^^^^^^^^^^^^^
  File "C:\Users\1652\AppData\Local\Programs\Python\Python311\Lib\site-packages\django\template\backends\django.py", line 62, in render
    return self.template.render(context)
           ^^^^^^^^^^^^^^^^^^^^^^^^^^^^^
  File "C:\Users\1652\AppData\Local\Programs\Python\Python311\Lib\site-packages\django\template\base.py", line 175, in render
    return self._render(context)
           ^^^^^^^^^^^^^^^^^^^^^
  File "C:\Users\1652\AppData\Local\Programs\Python\Python311\Lib\site-packages\django\template\base.py", line 167, in _render
    return self.nodelist.render(context)
           ^^^^^^^^^^^^^^^^^^^^^^^^^^^^^
  File "C:\Users\1652\AppData\Local\Programs\Python\Python311\Lib\site-packages\django\template\base.py", line 1005, in render
    return SafeString("".join([node.render_annotated(context) for node in self]))
                              ^^^^^^^^^^^^^^^^^^^^^^^^^^^^^^^^^^^^^^^^^^^^^^^^^
  File "C:\Users\1652\AppData\Local\Programs\Python\Python311\Lib\site-packages\django\template\base.py", line 1005, in <listcomp>
    return SafeString("".join([node.render_annotated(context) for node in self]))
                               ^^^^^^^^^^^^^^^^^^^^^^^^^^^^^^
  File "C:\Users\1652\AppData\Local\Programs\Python\Python311\Lib\site-packages\django\template\base.py", line 966, in render_annotated
    return self.render(context)
           ^^^^^^^^^^^^^^^^^^^^
  File "C:\Users\1652\AppData\Local\Programs\Python\Python311\Lib\site-packages\django\template\defaulttags.py", line 322, in render
    return nodelist.render(context)
           ^^^^^^^^^^^^^^^^^^^^^^^^
  File "C:\Users\1652\AppData\Local\Programs\Python\Python311\Lib\site-packages\django\template\base.py", line 1005, in render
    return SafeString("".join([node.render_annotated(context) for node in self]))
                              ^^^^^^^^^^^^^^^^^^^^^^^^^^^^^^^^^^^^^^^^^^^^^^^^^
  File "C:\Users\1652\AppData\Local\Programs\Python\Python311\Lib\site-packages\django\template\base.py", line 1005, in <listcomp>
    return SafeString("".join([node.render_annotated(context) for node in self]))
                               ^^^^^^^^^^^^^^^^^^^^^^^^^^^^^^
  File "C:\Users\1652\AppData\Local\Programs\Python\Python311\Lib\site-packages\django\template\base.py", line 966, in render_annotated
    return self.render(context)
           ^^^^^^^^^^^^^^^^^^^^
  File "C:\Users\1652\AppData\Local\Programs\Python\Python311\Lib\site-packages\django\template\defaulttags.py", line 238, in render
    nodelist.append(node.render_annotated(context))
                    ^^^^^^^^^^^^^^^^^^^^^^^^^^^^^^
  File "C:\Users\1652\AppData\Local\Programs\Python\Python311\Lib\site-packages\django\template\base.py", line 966, in render_annotated
    return self.render(context)
           ^^^^^^^^^^^^^^^^^^^^
  File "C:\Users\1652\AppData\Local\Programs\Python\Python311\Lib\site-packages\django\template\defaulttags.py", line 472, in render
    url = reverse(view_name, args=args, kwargs=kwargs, current_app=current_app)
          ^^^^^^^^^^^^^^^^^^^^^^^^^^^^^^^^^^^^^^^^^^^^^^^^^^^^^^^^^^^^^^^^^^^^^
  File "C:\Users\1652\AppData\Local\Programs\Python\Python311\Lib\site-packages\django\urls\base.py", line 88, in reverse
    return resolver._reverse_with_prefix(view, prefix, *args, **kwargs)
           ^^^^^^^^^^^^^^^^^^^^^^^^^^^^^^^^^^^^^^^^^^^^^^^^^^^^^^^^^^^^
  File "C:\Users\1652\AppData\Local\Programs\Python\Python311\Lib\site-packages\django\urls\resolvers.py", line 828, in _reverse_with_prefix
    raise NoReverseMatch(msg)
django.urls.exceptions.NoReverseMatch: Reverse for 'list' not found. 'list' is not a valid view function or pattern name.
Internal Server Error: /list
Traceback (most recent call last):
  File "C:\Users\1652\AppData\Local\Programs\Python\Python311\Lib\site-packages\django\core\handlers\exception.py", line 55, in inner
    response = get_response(request)
               ^^^^^^^^^^^^^^^^^^^^^
  File "C:\Users\1652\AppData\Local\Programs\Python\Python311\Lib\site-packages\django\core\handlers\base.py", line 197, in _get_response
    response = wrapped_callback(request, *callback_args, **callback_kwargs)
               ^^^^^^^^^^^^^^^^^^^^^^^^^^^^^^^^^^^^^^^^^^^^^^^^^^^^^^^^^^^^
  File "C:\Users\1652\Downloads\AutoGenerateMotif\AutoGenerateMotif\Website\views.py", line 379, in show
    return render(request, "ListMotif.html", context)
           ^^^^^^^^^^^^^^^^^^^^^^^^^^^^^^^^^^^^^^^^^^
  File "C:\Users\1652\AppData\Local\Programs\Python\Python311\Lib\site-packages\django\shortcuts.py", line 24, in render
    content = loader.render_to_string(template_name, context, request, using=using)
              ^^^^^^^^^^^^^^^^^^^^^^^^^^^^^^^^^^^^^^^^^^^^^^^^^^^^^^^^^^^^^^^^^^^^^
  File "C:\Users\1652\AppData\Local\Programs\Python\Python311\Lib\site-packages\django\template\loader.py", line 62, in render_to_string
    return template.render(context, request)
           ^^^^^^^^^^^^^^^^^^^^^^^^^^^^^^^^^
  File "C:\Users\1652\AppData\Local\Programs\Python\Python311\Lib\site-packages\django\template\backends\django.py", line 62, in render
    return self.template.render(context)
           ^^^^^^^^^^^^^^^^^^^^^^^^^^^^^
  File "C:\Users\1652\AppData\Local\Programs\Python\Python311\Lib\site-packages\django\template\base.py", line 175, in render
    return self._render(context)
           ^^^^^^^^^^^^^^^^^^^^^
  File "C:\Users\1652\AppData\Local\Programs\Python\Python311\Lib\site-packages\django\template\base.py", line 167, in _render
    return self.nodelist.render(context)
           ^^^^^^^^^^^^^^^^^^^^^^^^^^^^^
  File "C:\Users\1652\AppData\Local\Programs\Python\Python311\Lib\site-packages\django\template\base.py", line 1005, in render
    return SafeString("".join([node.render_annotated(context) for node in self]))
                              ^^^^^^^^^^^^^^^^^^^^^^^^^^^^^^^^^^^^^^^^^^^^^^^^^
  File "C:\Users\1652\AppData\Local\Programs\Python\Python311\Lib\site-packages\django\template\base.py", line 1005, in <listcomp>
    return SafeString("".join([node.render_annotated(context) for node in self]))
                               ^^^^^^^^^^^^^^^^^^^^^^^^^^^^^^
  File "C:\Users\1652\AppData\Local\Programs\Python\Python311\Lib\site-packages\django\template\base.py", line 966, in render_annotated
    return self.render(context)
           ^^^^^^^^^^^^^^^^^^^^
  File "C:\Users\1652\AppData\Local\Programs\Python\Python311\Lib\site-packages\django\template\defaulttags.py", line 322, in render
    return nodelist.render(context)
           ^^^^^^^^^^^^^^^^^^^^^^^^
  File "C:\Users\1652\AppData\Local\Programs\Python\Python311\Lib\site-packages\django\template\base.py", line 1005, in render
    return SafeString("".join([node.render_annotated(context) for node in self]))
                              ^^^^^^^^^^^^^^^^^^^^^^^^^^^^^^^^^^^^^^^^^^^^^^^^^
  File "C:\Users\1652\AppData\Local\Programs\Python\Python311\Lib\site-packages\django\template\base.py", line 1005, in <listcomp>
    return SafeString("".join([node.render_annotated(context) for node in self]))
                               ^^^^^^^^^^^^^^^^^^^^^^^^^^^^^^
  File "C:\Users\1652\AppData\Local\Programs\Python\Python311\Lib\site-packages\django\template\base.py", line 966, in render_annotated
    return self.render(context)
           ^^^^^^^^^^^^^^^^^^^^
  File "C:\Users\1652\AppData\Local\Programs\Python\Python311\Lib\site-packages\django\template\defaulttags.py", line 238, in render
    nodelist.append(node.render_annotated(context))
                    ^^^^^^^^^^^^^^^^^^^^^^^^^^^^^^
  File "C:\Users\1652\AppData\Local\Programs\Python\Python311\Lib\site-packages\django\template\base.py", line 966, in render_annotated
    return self.render(context)
           ^^^^^^^^^^^^^^^^^^^^
  File "C:\Users\1652\AppData\Local\Programs\Python\Python311\Lib\site-packages\django\template\defaulttags.py", line 472, in render
    url = reverse(view_name, args=args, kwargs=kwargs, current_app=current_app)
          ^^^^^^^^^^^^^^^^^^^^^^^^^^^^^^^^^^^^^^^^^^^^^^^^^^^^^^^^^^^^^^^^^^^^^
  File "C:\Users\1652\AppData\Local\Programs\Python\Python311\Lib\site-packages\django\urls\base.py", line 88, in reverse
    return resolver._reverse_with_prefix(view, prefix, *args, **kwargs)
           ^^^^^^^^^^^^^^^^^^^^^^^^^^^^^^^^^^^^^^^^^^^^^^^^^^^^^^^^^^^^
  File "C:\Users\1652\AppData\Local\Programs\Python\Python311\Lib\site-packages\django\urls\resolvers.py", line 828, in _reverse_with_prefix
    raise NoReverseMatch(msg)
django.urls.exceptions.NoReverseMatch: Reverse for 'list1' with arguments '(95,)' not found. 1 pattern(s) tried: ['list\\Z']
Internal Server Error: /download/
Traceback (most recent call last):
  File "C:\Users\1652\AppData\Local\Programs\Python\Python311\Lib\site-packages\django\template\base.py", line 505, in parse
    compile_func = self.tags[command]
                   ~~~~~~~~~^^^^^^^^^
KeyError: 'endif'

During handling of the above exception, another exception occurred:

Traceback (most recent call last):
  File "C:\Users\1652\AppData\Local\Programs\Python\Python311\Lib\site-packages\django\core\handlers\exception.py", line 55, in inner
    response = get_response(request)
               ^^^^^^^^^^^^^^^^^^^^^
  File "C:\Users\1652\AppData\Local\Programs\Python\Python311\Lib\site-packages\django\core\handlers\base.py", line 197, in _get_response
    response = wrapped_callback(request, *callback_args, **callback_kwargs)
               ^^^^^^^^^^^^^^^^^^^^^^^^^^^^^^^^^^^^^^^^^^^^^^^^^^^^^^^^^^^^
  File "C:\Users\1652\Downloads\AutoGenerateMotif\AutoGenerateMotif\Website\views.py", line 275, in download
    return render(request, 'download.html', context)
           ^^^^^^^^^^^^^^^^^^^^^^^^^^^^^^^^^^^^^^^^^
  File "C:\Users\1652\AppData\Local\Programs\Python\Python311\Lib\site-packages\django\shortcuts.py", line 24, in render
    content = loader.render_to_string(template_name, context, request, using=using)
              ^^^^^^^^^^^^^^^^^^^^^^^^^^^^^^^^^^^^^^^^^^^^^^^^^^^^^^^^^^^^^^^^^^^^^
  File "C:\Users\1652\AppData\Local\Programs\Python\Python311\Lib\site-packages\django\template\loader.py", line 61, in render_to_string
    template = get_template(template_name, using=using)
               ^^^^^^^^^^^^^^^^^^^^^^^^^^^^^^^^^^^^^^^^
  File "C:\Users\1652\AppData\Local\Programs\Python\Python311\Lib\site-packages\django\template\loader.py", line 15, in get_template
    return engine.get_template(template_name)
           ^^^^^^^^^^^^^^^^^^^^^^^^^^^^^^^^^^
  File "C:\Users\1652\AppData\Local\Programs\Python\Python311\Lib\site-packages\django\template\backends\django.py", line 34, in get_template
    return Template(self.engine.get_template(template_name), self)
                    ^^^^^^^^^^^^^^^^^^^^^^^^^^^^^^^^^^^^^^^
  File "C:\Users\1652\AppData\Local\Programs\Python\Python311\Lib\site-packages\django\template\engine.py", line 175, in get_template
    template, origin = self.find_template(template_name)
                       ^^^^^^^^^^^^^^^^^^^^^^^^^^^^^^^^^
  File "C:\Users\1652\AppData\Local\Programs\Python\Python311\Lib\site-packages\django\template\engine.py", line 157, in find_template
    template = loader.get_template(name, skip=skip)
               ^^^^^^^^^^^^^^^^^^^^^^^^^^^^^^^^^^^^
  File "C:\Users\1652\AppData\Local\Programs\Python\Python311\Lib\site-packages\django\template\loaders\cached.py", line 57, in get_template
    template = super().get_template(template_name, skip)
               ^^^^^^^^^^^^^^^^^^^^^^^^^^^^^^^^^^^^^^^^^
  File "C:\Users\1652\AppData\Local\Programs\Python\Python311\Lib\site-packages\django\template\loaders\base.py", line 28, in get_template
    return Template(
           ^^^^^^^^^
  File "C:\Users\1652\AppData\Local\Programs\Python\Python311\Lib\site-packages\django\template\base.py", line 154, in _init_
    self.nodelist = self.compile_nodelist()
                    ^^^^^^^^^^^^^^^^^^^^^^^
  File "C:\Users\1652\AppData\Local\Programs\Python\Python311\Lib\site-packages\django\template\base.py", line 200, in compile_nodelist
    return parser.parse()
           ^^^^^^^^^^^^^^
  File "C:\Users\1652\AppData\Local\Programs\Python\Python311\Lib\site-packages\django\template\base.py", line 507, in parse
    self.invalid_block_tag(token, command, parse_until)
  File "C:\Users\1652\AppData\Local\Programs\Python\Python311\Lib\site-packages\django\template\base.py", line 568, in invalid_block_tag
    raise self.error(
django.template.exceptions.TemplateSyntaxError: Invalid block tag on line 93: 'endif'. Did you forget to register or load this tag?
Internal Server Error: /download/
Traceback (most recent call last):
  File "C:\Users\1652\AppData\Local\Programs\Python\Python311\Lib\site-packages\django\template\base.py", line 505, in parse
    compile_func = self.tags[command]
                   ~~~~~~~~~^^^^^^^^^
KeyError: 'endif'

During handling of the above exception, another exception occurred:

Traceback (most recent call last):
  File "C:\Users\1652\AppData\Local\Programs\Python\Python311\Lib\site-packages\django\core\handlers\exception.py", line 55, in inner
    response = get_response(request)
               ^^^^^^^^^^^^^^^^^^^^^
  File "C:\Users\1652\AppData\Local\Programs\Python\Python311\Lib\site-packages\django\core\handlers\base.py", line 197, in _get_response
    response = wrapped_callback(request, *callback_args, **callback_kwargs)
               ^^^^^^^^^^^^^^^^^^^^^^^^^^^^^^^^^^^^^^^^^^^^^^^^^^^^^^^^^^^^
  File "C:\Users\1652\Downloads\AutoGenerateMotif\AutoGenerateMotif\Website\views.py", line 275, in download
    return render(request, 'download.html', context)
           ^^^^^^^^^^^^^^^^^^^^^^^^^^^^^^^^^^^^^^^^^
  File "C:\Users\1652\AppData\Local\Programs\Python\Python311\Lib\site-packages\django\shortcuts.py", line 24, in render
    content = loader.render_to_string(template_name, context, request, using=using)
              ^^^^^^^^^^^^^^^^^^^^^^^^^^^^^^^^^^^^^^^^^^^^^^^^^^^^^^^^^^^^^^^^^^^^^
  File "C:\Users\1652\AppData\Local\Programs\Python\Python311\Lib\site-packages\django\template\loader.py", line 61, in render_to_string
    template = get_template(template_name, using=using)
               ^^^^^^^^^^^^^^^^^^^^^^^^^^^^^^^^^^^^^^^^
  File "C:\Users\1652\AppData\Local\Programs\Python\Python311\Lib\site-packages\django\template\loader.py", line 15, in get_template
    return engine.get_template(template_name)
           ^^^^^^^^^^^^^^^^^^^^^^^^^^^^^^^^^^
  File "C:\Users\1652\AppData\Local\Programs\Python\Python311\Lib\site-packages\django\template\backends\django.py", line 34, in get_template
    return Template(self.engine.get_template(template_name), self)
                    ^^^^^^^^^^^^^^^^^^^^^^^^^^^^^^^^^^^^^^^
  File "C:\Users\1652\AppData\Local\Programs\Python\Python311\Lib\site-packages\django\template\engine.py", line 175, in get_template
    template, origin = self.find_template(template_name)
                       ^^^^^^^^^^^^^^^^^^^^^^^^^^^^^^^^^
  File "C:\Users\1652\AppData\Local\Programs\Python\Python311\Lib\site-packages\django\template\engine.py", line 157, in find_template
    template = loader.get_template(name, skip=skip)
               ^^^^^^^^^^^^^^^^^^^^^^^^^^^^^^^^^^^^
  File "C:\Users\1652\AppData\Local\Programs\Python\Python311\Lib\site-packages\django\template\loaders\cached.py", line 57, in get_template
    template = super().get_template(template_name, skip)
               ^^^^^^^^^^^^^^^^^^^^^^^^^^^^^^^^^^^^^^^^^
  File "C:\Users\1652\AppData\Local\Programs\Python\Python311\Lib\site-packages\django\template\loaders\base.py", line 28, in get_template
    return Template(
           ^^^^^^^^^
  File "C:\Users\1652\AppData\Local\Programs\Python\Python311\Lib\site-packages\django\template\base.py", line 154, in _init_
    self.nodelist = self.compile_nodelist()
                    ^^^^^^^^^^^^^^^^^^^^^^^
  File "C:\Users\1652\AppData\Local\Programs\Python\Python311\Lib\site-packages\django\template\base.py", line 200, in compile_nodelist
    return parser.parse()
           ^^^^^^^^^^^^^^
  File "C:\Users\1652\AppData\Local\Programs\Python\Python311\Lib\site-packages\django\template\base.py", line 507, in parse
    self.invalid_block_tag(token, command, parse_until)
  File "C:\Users\1652\AppData\Local\Programs\Python\Python311\Lib\site-packages\django\template\base.py", line 568, in invalid_block_tag
    raise self.error(
django.template.exceptions.TemplateSyntaxError: Invalid block tag on line 93: 'endif'. Did you forget to register or load this tag?
Watching for file changes with StatReloader
Internal Server Error: /list
Traceback (most recent call last):
  File "C:\Users\1652\AppData\Local\Programs\Python\Python311\Lib\site-packages\django\core\handlers\exception.py", line 55, in inner
    response = get_response(request)
               ^^^^^^^^^^^^^^^^^^^^^
  File "C:\Users\1652\AppData\Local\Programs\Python\Python311\Lib\site-packages\django\core\handlers\base.py", line 197, in _get_response
    response = wrapped_callback(request, *callback_args, **callback_kwargs)
               ^^^^^^^^^^^^^^^^^^^^^^^^^^^^^^^^^^^^^^^^^^^^^^^^^^^^^^^^^^^^
  File "C:\Users\1652\Downloads\AutoGenerateMotif\AutoGenerateMotif\Website\views.py", line 379, in show
    return render(request, "ListMotif.html", context)
           ^^^^^^^^^^^^^^^^^^^^^^^^^^^^^^^^^^^^^^^^^^
  File "C:\Users\1652\AppData\Local\Programs\Python\Python311\Lib\site-packages\django\shortcuts.py", line 24, in render
    content = loader.render_to_string(template_name, context, request, using=using)
              ^^^^^^^^^^^^^^^^^^^^^^^^^^^^^^^^^^^^^^^^^^^^^^^^^^^^^^^^^^^^^^^^^^^^^
  File "C:\Users\1652\AppData\Local\Programs\Python\Python311\Lib\site-packages\django\template\loader.py", line 62, in render_to_string
    return template.render(context, request)
           ^^^^^^^^^^^^^^^^^^^^^^^^^^^^^^^^^
  File "C:\Users\1652\AppData\Local\Programs\Python\Python311\Lib\site-packages\django\template\backends\django.py", line 62, in render
    return self.template.render(context)
           ^^^^^^^^^^^^^^^^^^^^^^^^^^^^^
  File "C:\Users\1652\AppData\Local\Programs\Python\Python311\Lib\site-packages\django\template\base.py", line 175, in render
    return self._render(context)
           ^^^^^^^^^^^^^^^^^^^^^
  File "C:\Users\1652\AppData\Local\Programs\Python\Python311\Lib\site-packages\django\template\base.py", line 167, in _render
    return self.nodelist.render(context)
           ^^^^^^^^^^^^^^^^^^^^^^^^^^^^^
  File "C:\Users\1652\AppData\Local\Programs\Python\Python311\Lib\site-packages\django\template\base.py", line 1005, in render
    return SafeString("".join([node.render_annotated(context) for node in self]))
                              ^^^^^^^^^^^^^^^^^^^^^^^^^^^^^^^^^^^^^^^^^^^^^^^^^
  File "C:\Users\1652\AppData\Local\Programs\Python\Python311\Lib\site-packages\django\template\base.py", line 1005, in <listcomp>
    return SafeString("".join([node.render_annotated(context) for node in self]))
                               ^^^^^^^^^^^^^^^^^^^^^^^^^^^^^^
  File "C:\Users\1652\AppData\Local\Programs\Python\Python311\Lib\site-packages\django\template\base.py", line 966, in render_annotated
    return self.render(context)
           ^^^^^^^^^^^^^^^^^^^^
  File "C:\Users\1652\AppData\Local\Programs\Python\Python311\Lib\site-packages\django\template\defaulttags.py", line 322, in render
    return nodelist.render(context)
           ^^^^^^^^^^^^^^^^^^^^^^^^
  File "C:\Users\1652\AppData\Local\Programs\Python\Python311\Lib\site-packages\django\template\base.py", line 1005, in render
    return SafeString("".join([node.render_annotated(context) for node in self]))
                              ^^^^^^^^^^^^^^^^^^^^^^^^^^^^^^^^^^^^^^^^^^^^^^^^^
  File "C:\Users\1652\AppData\Local\Programs\Python\Python311\Lib\site-packages\django\template\base.py", line 1005, in <listcomp>
    return SafeString("".join([node.render_annotated(context) for node in self]))
                               ^^^^^^^^^^^^^^^^^^^^^^^^^^^^^^
  File "C:\Users\1652\AppData\Local\Programs\Python\Python311\Lib\site-packages\django\template\base.py", line 966, in render_annotated
    return self.render(context)
           ^^^^^^^^^^^^^^^^^^^^
  File "C:\Users\1652\AppData\Local\Programs\Python\Python311\Lib\site-packages\django\template\defaulttags.py", line 238, in render
    nodelist.append(node.render_annotated(context))
                    ^^^^^^^^^^^^^^^^^^^^^^^^^^^^^^
  File "C:\Users\1652\AppData\Local\Programs\Python\Python311\Lib\site-packages\django\template\base.py", line 966, in render_annotated
    return self.render(context)
           ^^^^^^^^^^^^^^^^^^^^
  File "C:\Users\1652\AppData\Local\Programs\Python\Python311\Lib\site-packages\django\template\defaulttags.py", line 472, in render
    url = reverse(view_name, args=args, kwargs=kwargs, current_app=current_app)
          ^^^^^^^^^^^^^^^^^^^^^^^^^^^^^^^^^^^^^^^^^^^^^^^^^^^^^^^^^^^^^^^^^^^^^
  File "C:\Users\1652\AppData\Local\Programs\Python\Python311\Lib\site-packages\django\urls\base.py", line 88, in reverse
    return resolver._reverse_with_prefix(view, prefix, *args, **kwargs)
           ^^^^^^^^^^^^^^^^^^^^^^^^^^^^^^^^^^^^^^^^^^^^^^^^^^^^^^^^^^^^
  File "C:\Users\1652\AppData\Local\Programs\Python\Python311\Lib\site-packages\django\urls\resolvers.py", line 828, in _reverse_with_prefix
    raise NoReverseMatch(msg)
django.urls.exceptions.NoReverseMatch: Reverse for 'list' not found. 'list' is not a valid view function or pattern name.
Watching for file changes with StatReloader
Watching for file changes with StatReloader
Watching for file changes with StatReloader
Watching for file changes with StatReloader
Watching for file changes with StatReloader
Watching for file changes with StatReloader
C:\Users\1652\Downloads\AutoGenerateMotif\AutoGenerateMotif\Website\views.py changed, reloading.
Watching for file changes with StatReloader
C:\Users\1652\Downloads\AutoGenerateMotif\AutoGenerateMotif\Website\CreateImageModule.py changed, reloading.
Watching for file changes with StatReloader
C:\Users\1652\Downloads\AutoGenerateMotif\AutoGenerateMotif\Website\views.py changed, reloading.
Watching for file changes with StatReloader
C:\Users\1652\Downloads\AutoGenerateMotif\AutoGenerateMotif\Website\views.py changed, reloading.
Watching for file changes with StatReloader
C:\Users\1652\Downloads\AutoGenerateMotif\AutoGenerateMotif\Website\views.py changed, reloading.
Watching for file changes with StatReloader
C:\Users\1652\Downloads\AutoGenerateMotif\AutoGenerateMotif\Website\CreateImageModule.py changed, reloading.
Watching for file changes with StatReloader
C:\Users\1652\Downloads\AutoGenerateMotif\AutoGenerateMotif\Website\views.py changed, reloading.
Watching for file changes with StatReloader
C:\Users\1652\Downloads\AutoGenerateMotif\AutoGenerateMotif\Website\views.py changed, reloading.
Watching for file changes with StatReloader
C:\Users\1652\Downloads\AutoGenerateMotif\AutoGenerateMotif\Website\views.py changed, reloading.
Watching for file changes with StatReloader
C:\Users\1652\Downloads\AutoGenerateMotif\AutoGenerateMotif\Website\CreateImageModule.py changed, reloading.
Watching for file changes with StatReloader
C:\Users\1652\Downloads\AutoGenerateMotif\AutoGenerateMotif\Website\CreateImageModule.py changed, reloading.
Watching for file changes with StatReloader
C:\Users\1652\Downloads\AutoGenerateMotif\AutoGenerateMotif\Website\CreateImageModule.py changed, reloading.
Watching for file changes with StatReloader
Internal Server Error: /generator/external
Traceback (most recent call last):
  File "C:\Users\1652\AppData\Local\Programs\Python\Python311\Lib\site-packages\django\core\handlers\exception.py", line 55, in inner
    response = get_response(request)
               ^^^^^^^^^^^^^^^^^^^^^
  File "C:\Users\1652\AppData\Local\Programs\Python\Python311\Lib\site-packages\django\core\handlers\base.py", line 197, in _get_response
    response = wrapped_callback(request, *callback_args, **callback_kwargs)
               ^^^^^^^^^^^^^^^^^^^^^^^^^^^^^^^^^^^^^^^^^^^^^^^^^^^^^^^^^^^^
  File "C:\Users\1652\Downloads\AutoGenerateMotif\AutoGenerateMotif\Website\views.py", line 170, in external
    UrutanLidiRaw = Image.getUrutanLidiRaw()
                    ^^^^^^^^^^^^^^^^^^^^^^^^
  File "C:\Users\1652\Downloads\AutoGenerateMotif\AutoGenerateMotif\Website\CreateImageModule.py", line 274, in getUrutanLidiRaw
    img_data, Lidi = ConvertRGB(img, Lidi, height, Direktori)
                     ^^^^^^^^^^^^^^^^^^^^^^^^^^^^^^^^^^^^^^^^
  File "C:\Users\1652\Downloads\AutoGenerateMotif\AutoGenerateMotif\Website\ProcessImage.py", line 26, in ConvertRGB
    img.append(datas)
    ^^^^^^^^^^
AttributeError: 'numpy.ndarray' object has no attribute 'append'
C:\Users\1652\Downloads\AutoGenerateMotif\AutoGenerateMotif\Website\ProcessImage.py changed, reloading.
Watching for file changes with StatReloader
C:\Users\1652\Downloads\AutoGenerateMotif\AutoGenerateMotif\Website\CreateImageModule.py changed, reloading.
Watching for file changes with StatReloader
C:\Users\1652\Downloads\AutoGenerateMotif\AutoGenerateMotif\Website\ProcessImage.py changed, reloading.
Watching for file changes with StatReloader
C:\Users\1652\Downloads\AutoGenerateMotif\AutoGenerateMotif\Website\views.py changed, reloading.
Watching for file changes with StatReloader
C:\Users\1652\Downloads\AutoGenerateMotif\AutoGenerateMotif\Website\views.py changed, reloading.
Watching for file changes with StatReloader
C:\Users\1652\Downloads\AutoGenerateMotif\AutoGenerateMotif\Website\views.py changed, reloading.
Watching for file changes with StatReloader
C:\Users\1652\Downloads\AutoGenerateMotif\AutoGenerateMotif\Website\views.py changed, reloading.
Watching for file changes with StatReloader
C:\Users\1652\Downloads\AutoGenerateMotif\AutoGenerateMotif\Website\views.py changed, reloading.
Watching for file changes with StatReloader
C:\Users\1652\Downloads\AutoGenerateMotif\AutoGenerateMotif\Website\views.py changed, reloading.
Watching for file changes with StatReloader
Internal Server Error: /generator/external
Traceback (most recent call last):
  File "C:\Users\1652\AppData\Local\Programs\Python\Python311\Lib\site-packages\django\core\handlers\exception.py", line 55, in inner
    response = get_response(request)
               ^^^^^^^^^^^^^^^^^^^^^
  File "C:\Users\1652\AppData\Local\Programs\Python\Python311\Lib\site-packages\django\core\handlers\base.py", line 197, in _get_response
    response = wrapped_callback(request, *callback_args, **callback_kwargs)
               ^^^^^^^^^^^^^^^^^^^^^^^^^^^^^^^^^^^^^^^^^^^^^^^^^^^^^^^^^^^^
  File "C:\Users\1652\Downloads\AutoGenerateMotif\AutoGenerateMotif\Website\views.py", line 170, in external
    Image = CreateImageMotif(str(fileurl), str(filename), str(jmlBaris), Baris, "4", username)
            ^^^^^^^^^^^^^^^^^^^^^^^^^^^^^^^^^^^^^^^^^^^^^^^^^^^^^^^^^^^^^^^^^^^^^^^^^^^^^^^^^^
TypeError: CreateImageMotif() takes no arguments
C:\Users\1652\Downloads\AutoGenerateMotif\AutoGenerateMotif\Website\CreateImageModule.py changed, reloading.
Watching for file changes with StatReloader
C:\Users\1652\Downloads\AutoGenerateMotif\AutoGenerateMotif\Website\views.py changed, reloading.
Watching for file changes with StatReloader
C:\Users\1652\Downloads\AutoGenerateMotif\AutoGenerateMotif\Website\CreateImageModule.py changed, reloading.
Watching for file changes with StatReloader
C:\Users\1652\Downloads\AutoGenerateMotif\AutoGenerateMotif\Website\views.py changed, reloading.
Watching for file changes with StatReloader
C:\Users\1652\Downloads\AutoGenerateMotif\AutoGenerateMotif\Website\views.py changed, reloading.
Watching for file changes with StatReloader
C:\Users\1652\Downloads\AutoGenerateMotif\AutoGenerateMotif\Website\CreateImageModule.py changed, reloading.
Watching for file changes with StatReloader
Not Found: /download/['slice_1.jpg', 'slice_2.jpg', 'slice_3.jpg', 'slice_4.jpg', 'slice_5.jpg', 'slice_6.jpg', 'slice_7.jpg', 'slice_8.jpg']
Internal Server Error: /gabungkan_motif/
Traceback (most recent call last):
  File "C:\Users\1652\AppData\Local\Programs\Python\Python311\Lib\site-packages\django\core\handlers\exception.py", line 55, in inner
    response = get_response(request)
               ^^^^^^^^^^^^^^^^^^^^^
  File "C:\Users\1652\AppData\Local\Programs\Python\Python311\Lib\site-packages\django\core\handlers\base.py", line 197, in _get_response
    response = wrapped_callback(request, *callback_args, **callback_kwargs)
               ^^^^^^^^^^^^^^^^^^^^^^^^^^^^^^^^^^^^^^^^^^^^^^^^^^^^^^^^^^^^
  File "C:\Users\1652\Downloads\AutoGenerateMotif\AutoGenerateMotif\Website\views.py", line 907, in gabungkan_motif
    raw_lidi = request.session.get['raw_lidi']
              ~~~~~~~~~~~~~~~~~~~^^^^^^^^^^^^
TypeError: 'method' object is not subscriptable
C:\Users\1652\Downloads\AutoGenerateMotif\AutoGenerateMotif\Website\views.py changed, reloading.
Watching for file changes with StatReloader
C:\Users\1652\Downloads\AutoGenerateMotif\AutoGenerateMotif\Website\views.py changed, reloading.
Watching for file changes with StatReloader
C:\Users\1652\Downloads\AutoGenerateMotif\AutoGenerateMotif\Website\views.py changed, reloading.
Watching for file changes with StatReloader
Watching for file changes with StatReloader
C:\Users\1652\Downloads\AutoGenerateMotif\AutoGenerateMotif\Website\CreateImageModule.py changed, reloading.
Watching for file changes with StatReloader
C:\Users\1652\Downloads\AutoGenerateMotif\AutoGenerateMotif\Website\CreateImageModule.py changed, reloading.
Watching for file changes with StatReloader
C:\Users\1652\Downloads\AutoGenerateMotif\AutoGenerateMotif\Website\views.py changed, reloading.
Watching for file changes with StatReloader
C:\Users\1652\Downloads\AutoGenerateMotif\AutoGenerateMotif\Website\views.py changed, reloading.
Watching for file changes with StatReloader
C:\Users\1652\Downloads\AutoGenerateMotif\AutoGenerateMotif\Website\views.py changed, reloading.
Watching for file changes with StatReloader
C:\Users\1652\Downloads\AutoGenerateMotif\AutoGenerateMotif\Website\CreateImageModule.py changed, reloading.
Watching for file changes with StatReloader
C:\Users\1652\Downloads\AutoGenerateMotif\AutoGenerateMotif\Website\views.py changed, reloading.
Watching for file changes with StatReloader
C:\Users\1652\Downloads\AutoGenerateMotif\AutoGenerateMotif\Website\CreateImageModule.py changed, reloading.
Watching for file changes with StatReloader
C:\Users\1652\Downloads\AutoGenerateMotif\AutoGenerateMotif\Website\CreateImageModule.py changed, reloading.
Watching for file changes with StatReloader
Internal Server Error: /generator/external
Traceback (most recent call last):
  File "C:\Users\1652\AppData\Local\Programs\Python\Python311\Lib\site-packages\django\core\handlers\exception.py", line 55, in inner
    response = get_response(request)
               ^^^^^^^^^^^^^^^^^^^^^
  File "C:\Users\1652\AppData\Local\Programs\Python\Python311\Lib\site-packages\django\core\handlers\base.py", line 197, in _get_response
    response = wrapped_callback(request, *callback_args, **callback_kwargs)
               ^^^^^^^^^^^^^^^^^^^^^^^^^^^^^^^^^^^^^^^^^^^^^^^^^^^^^^^^^^^^
  File "C:\Users\1652\Downloads\AutoGenerateMotif\AutoGenerateMotif\Website\views.py", line 174, in external
    UrutanLidiRaw, UrutanLidiIndex = Image.imageOriginal()
                                     ^^^^^^^^^^^^^^^^^^^^^
  File "C:\Users\1652\Downloads\AutoGenerateMotif\AutoGenerateMotif\Website\CreateImageModule.py", line 65, in imageOriginal
    success = cv2.imwrite(slice_path, slice_img)
              ^^^^^^^^^^^^^^^^^^^^^^^^^^^^^^^^^^
cv2.error: OpenCV(4.11.0) D:\a\opencv-python\opencv-python\opencv\modules\imgcodecs\src\loadsave.cpp:836: error: (-2:Unspecified error) could not find a writer for the specified extension in function 'cv::imwrite_'

C:\Users\1652\Downloads\AutoGenerateMotif\AutoGenerateMotif\Website\CreateImageModule.py changed, reloading.
Watching for file changes with StatReloader
C:\Users\1652\Downloads\AutoGenerateMotif\AutoGenerateMotif\Website\CreateImageModule.py changed, reloading.
Watching for file changes with StatReloader
C:\Users\1652\Downloads\AutoGenerateMotif\AutoGenerateMotif\Website\views.py changed, reloading.
Watching for file changes with StatReloader
C:\Users\1652\Downloads\AutoGenerateMotif\AutoGenerateMotif\Website\views.py changed, reloading.
Watching for file changes with StatReloader
C:\Users\1652\Downloads\AutoGenerateMotif\AutoGenerateMotif\Website\views.py changed, reloading.
Watching for file changes with StatReloader
C:\Users\1652\Downloads\AutoGenerateMotif\AutoGenerateMotif\Website\views.py changed, reloading.
Watching for file changes with StatReloader
C:\Users\1652\Downloads\AutoGenerateMotif\AutoGenerateMotif\Website\views.py changed, reloading.
Watching for file changes with StatReloader
C:\Users\1652\Downloads\AutoGenerateMotif\AutoGenerateMotif\Website\CreateImageModule.py changed, reloading.
Watching for file changes with StatReloader
C:\Users\1652\Downloads\AutoGenerateMotif\AutoGenerateMotif\Website\views.py changed, reloading.
Watching for file changes with StatReloader
C:\Users\1652\Downloads\AutoGenerateMotif\AutoGenerateMotif\Website\views.py changed, reloading.
Watching for file changes with StatReloader
C:\Users\1652\Downloads\AutoGenerateMotif\AutoGenerateMotif\Website\views.py changed, reloading.
Watching for file changes with StatReloader
C:\Users\1652\Downloads\AutoGenerateMotif\AutoGenerateMotif\Website\views.py changed, reloading.
Watching for file changes with StatReloader
C:\Users\1652\Downloads\AutoGenerateMotif\AutoGenerateMotif\Website\CreateImageModule.py changed, reloading.
Watching for file changes with StatReloader
C:\Users\1652\Downloads\AutoGenerateMotif\AutoGenerateMotif\Website\CreateImageModule.py changed, reloading.
Watching for file changes with StatReloader
C:\Users\1652\Downloads\AutoGenerateMotif\AutoGenerateMotif\Website\CreateImageModule.py changed, reloading.
Watching for file changes with StatReloader
Watching for file changes with StatReloader
C:\Users\1652\Downloads\AutoGenerateMotif\AutoGenerateMotif\Website\views.py changed, reloading.
Watching for file changes with StatReloader
Not Found: /list/motif_awal/slices/slice_4_session_c65e779b-5bda-42a8-afd9-b5be84b2567b.jpg
Not Found: /list/motif_awal/slices/slice_6_session_c65e779b-5bda-42a8-afd9-b5be84b2567b.jpg
Not Found: /list/motif_awal/slices/slice_3_session_c65e779b-5bda-42a8-afd9-b5be84b2567b.jpg
Not Found: /list/motif_awal/slices/slice_1_session_c65e779b-5bda-42a8-afd9-b5be84b2567b.jpg
Not Found: /list/motif_awal/slices/slice_2_session_c65e779b-5bda-42a8-afd9-b5be84b2567b.jpg
Not Found: /list/motif_awal/slices/slice_5_session_c65e779b-5bda-42a8-afd9-b5be84b2567b.jpg
Not Found: /list/motif_awal/slices/slice_8_session_c65e779b-5bda-42a8-afd9-b5be84b2567b.jpg
Not Found: /list/motif_awal/slices/slice_7_session_c65e779b-5bda-42a8-afd9-b5be84b2567b.jpg
Not Found: /list/motif_awal/slices/slice_1_session_c65e779b-5bda-42a8-afd9-b5be84b2567b.jpg
Not Found: /list/motif_awal/slices/slice_1_session_c65e779b-5bda-42a8-afd9-b5be84b2567b.jpg
Not Found: /list/motif_awal/slices/slice_2_session_c65e779b-5bda-42a8-afd9-b5be84b2567b.jpg
Not Found: /list/motif_awal/slices/slice_3_session_c65e779b-5bda-42a8-afd9-b5be84b2567b.jpg
Not Found: /list/motif_awal/slices/slice_7_session_c65e779b-5bda-42a8-afd9-b5be84b2567b.jpg
Not Found: /list/motif_awal/slices/slice_5_session_c65e779b-5bda-42a8-afd9-b5be84b2567b.jpg
Not Found: /list/motif_awal/slices/slice_4_session_c65e779b-5bda-42a8-afd9-b5be84b2567b.jpg
Not Found: /list/motif_awal/slices/slice_8_session_c65e779b-5bda-42a8-afd9-b5be84b2567b.jpg
Not Found: /list/motif_awal/slices/slice_6_session_c65e779b-5bda-42a8-afd9-b5be84b2567b.jpg
Not Found: /list/motif_awal/slices/slice_1_session_c65e779b-5bda-42a8-afd9-b5be84b2567b.jpg
Not Found: /list/motif_awal/slices/slice_2_session_c65e779b-5bda-42a8-afd9-b5be84b2567b.jpg
Not Found: /list/motif_awal/slices/slice_7_session_c65e779b-5bda-42a8-afd9-b5be84b2567b.jpg
Not Found: /list/motif_awal/slices/slice_5_session_c65e779b-5bda-42a8-afd9-b5be84b2567b.jpg
Not Found: /list/motif_awal/slices/slice_3_session_c65e779b-5bda-42a8-afd9-b5be84b2567b.jpg
Not Found: /list/motif_awal/slices/slice_4_session_c65e779b-5bda-42a8-afd9-b5be84b2567b.jpg
Not Found: /list/motif_awal/slices/slice_6_session_c65e779b-5bda-42a8-afd9-b5be84b2567b.jpg
Not Found: /list/motif_awal/slices/slice_8_session_c65e779b-5bda-42a8-afd9-b5be84b2567b.jpg
C:\Users\1652\Downloads\AutoGenerateMotif\AutoGenerateMotif\Website\views.py changed, reloading.
Watching for file changes with StatReloader
Not Found: /list/motif_awal/slices/slice_3_session_c65e779b-5bda-42a8-afd9-b5be84b2567b.jpg
Not Found: /list/motif_awal/slices/slice_1_session_c65e779b-5bda-42a8-afd9-b5be84b2567b.jpg
Not Found: /list/motif_awal/slices/slice_6_session_c65e779b-5bda-42a8-afd9-b5be84b2567b.jpg
Not Found: /list/motif_awal/slices/slice_2_session_c65e779b-5bda-42a8-afd9-b5be84b2567b.jpg
Not Found: /list/motif_awal/slices/slice_4_session_c65e779b-5bda-42a8-afd9-b5be84b2567b.jpg
Not Found: /list/motif_awal/slices/slice_5_session_c65e779b-5bda-42a8-afd9-b5be84b2567b.jpg
Not Found: /list/motif_awal/slices/slice_8_session_c65e779b-5bda-42a8-afd9-b5be84b2567b.jpg
Not Found: /list/motif_awal/slices/slice_7_session_c65e779b-5bda-42a8-afd9-b5be84b2567b.jpg
Not Found: /list/motif_awal/slices/slice_2_session_c65e779b-5bda-42a8-afd9-b5be84b2567b.jpg/motif_awal
Not Found: /list/motif_awal/slices/slice_1_session_c65e779b-5bda-42a8-afd9-b5be84b2567b.jpg/motif_awal
Not Found: /list/motif_awal/slices/slice_3_session_c65e779b-5bda-42a8-afd9-b5be84b2567b.jpg/motif_awal
Not Found: /list/motif_awal/slices/slice_4_session_c65e779b-5bda-42a8-afd9-b5be84b2567b.jpg/motif_awal
Not Found: /list/motif_awal/slices/slice_5_session_c65e779b-5bda-42a8-afd9-b5be84b2567b.jpg/motif_awal
Not Found: /list/motif_awal/slices/slice_6_session_c65e779b-5bda-42a8-afd9-b5be84b2567b.jpg/motif_awal
Not Found: /list/motif_awal/slices/slice_7_session_c65e779b-5bda-42a8-afd9-b5be84b2567b.jpg/motif_awal
Not Found: /list/motif_awal/slices/slice_8_session_c65e779b-5bda-42a8-afd9-b5be84b2567b.jpg/motif_awal
Not Found: /list/motif_awal/slices/slice_1_session_c65e779b-5bda-42a8-afd9-b5be84b2567b.jpg/motif_awal
Not Found: /list/motif_awal/slices/slice_1_session_c65e779b-5bda-42a8-afd9-b5be84b2567b.jpg
Not Found: /list/motif_awal/slices/slice_2_session_c65e779b-5bda-42a8-afd9-b5be84b2567b.jpg
Not Found: /list/motif_awal/slices/slice_4_session_c65e779b-5bda-42a8-afd9-b5be84b2567b.jpg
Not Found: /list/motif_awal/slices/slice_7_session_c65e779b-5bda-42a8-afd9-b5be84b2567b.jpg
Not Found: /list/motif_awal/slices/slice_5_session_c65e779b-5bda-42a8-afd9-b5be84b2567b.jpg
Not Found: /list/motif_awal/slices/slice_3_session_c65e779b-5bda-42a8-afd9-b5be84b2567b.jpg
Not Found: /list/motif_awal/slices/slice_8_session_c65e779b-5bda-42a8-afd9-b5be84b2567b.jpg
Not Found: /list/motif_awal/slices/slice_6_session_c65e779b-5bda-42a8-afd9-b5be84b2567b.jpg
C:\Users\1652\Downloads\AutoGenerateMotif\AutoGenerateMotif\Website\views.py changed, reloading.
Watching for file changes with StatReloader
Not Found: /motif_awal/slices/slice_1_session_5a098b4d-46aa-4227-8625-a9cdc010cd08.jpg
Not Found: /motif_awal/slices/slice_3_session_5a098b4d-46aa-4227-8625-a9cdc010cd08.jpg
Not Found: /motif_awal/slices/slice_5_session_5a098b4d-46aa-4227-8625-a9cdc010cd08.jpg
Not Found: /motif_awal/slices/slice_2_session_5a098b4d-46aa-4227-8625-a9cdc010cd08.jpg
Not Found: /motif_awal/slices/slice_6_session_5a098b4d-46aa-4227-8625-a9cdc010cd08.jpg
Not Found: /motif_awal/slices/slice_4_session_5a098b4d-46aa-4227-8625-a9cdc010cd08.jpg
Not Found: /motif_awal/slices/slice_8_session_5a098b4d-46aa-4227-8625-a9cdc010cd08.jpg
Not Found: /motif_awal/slices/slice_7_session_5a098b4d-46aa-4227-8625-a9cdc010cd08.jpg
Not Found: /motif_awal/slices/slice_1_session_5a098b4d-46aa-4227-8625-a9cdc010cd08.jpg
Watching for file changes with StatReloader
Not Found: /motif_awal/slices/slice_3_session_5a098b4d-46aa-4227-8625-a9cdc010cd08.jpg
Not Found: /motif_awal/slices/slice_1_session_5a098b4d-46aa-4227-8625-a9cdc010cd08.jpg
Not Found: /motif_awal/slices/slice_6_session_5a098b4d-46aa-4227-8625-a9cdc010cd08.jpg
Not Found: /motif_awal/slices/slice_2_session_5a098b4d-46aa-4227-8625-a9cdc010cd08.jpg
Not Found: /motif_awal/slices/slice_5_session_5a098b4d-46aa-4227-8625-a9cdc010cd08.jpg
Not Found: /motif_awal/slices/slice_4_session_5a098b4d-46aa-4227-8625-a9cdc010cd08.jpg
Not Found: /motif_awal/slices/slice_7_session_5a098b4d-46aa-4227-8625-a9cdc010cd08.jpg
Not Found: /motif_awal/slices/slice_8_session_5a098b4d-46aa-4227-8625-a9cdc010cd08.jpg
C:\Users\1652\Downloads\AutoGenerateMotif\AutoGenerateMotif\Website\views.py changed, reloading.
Watching for file changes with StatReloader
C:\Users\1652\Downloads\AutoGenerateMotif\AutoGenerateMotif\Website\views.py changed, reloading.
Watching for file changes with StatReloader
C:\Users\1652\Downloads\AutoGenerateMotif\AutoGenerateMotif\Website\CreateImageModule.py changed, reloading.
Watching for file changes with StatReloader
Not Found: /motif_awal/slices/slice_3_session_5a098b4d-46aa-4227-8625-a9cdc010cd08.jpg
Not Found: /motif_awWatching for file changes with StatReloader
Accessing motif detail for ID: 295
Created grid image: media\grids\grid_motif_295.png
Created red line image: media\grids\red_motif_295.png
Created slice: media\slices/motif_295\slice_1.png
Created slice: media\slices/motif_295\slice_2.png
Created slice: media\slices/motif_295\slice_3.png
Created slice: media\slices/motif_295\slice_4.png
Created slice: media\slices/motif_295\slice_5.png
Created slice: media\slices/motif_295\slice_6.png
Created slice: media\slices/motif_295\slice_7.png
Created slice: media\slices/motif_295\slice_8.png
Created slice: media\slices/motif_295\slice_9.png
Created slice: media\slices/motif_295\slice_10.png
Created slice: media\slices/motif_295\slice_11.png
Created slice: media\slices/motif_295\slice_12.png
Created slice: media\slices/motif_295\slice_13.png
Created slice: media\slices/motif_295\slice_14.png
Created slice: media\slices/motif_295\slice_15.png
Created slice: media\slices/motif_295\slice_16.png
Created slice: media\slices/motif_295\slice_17.png
Created slice: media\slices/motif_295\slice_18.png
Created slice: media\slices/motif_295\slice_19.png
Created slice: media\slices/motif_295\slice_20.png
Created slice: media\slices/motif_295\slice_21.png
Created slice: media\slices/motif_295\slice_22.png
Created slice: media\slices/motif_295\slice_23.png
Created slice: media\slices/motif_295\slice_24.png
Created slice: media\slices/motif_295\slice_25.png
Created slice: media\slices/motif_295\slice_26.png
Created slice: media\slices/motif_295\slice_27.png
Created slice: media\slices/motif_295\slice_28.png
Created slice: media\slices/motif_295\slice_29.png
Created slice: media\slices/motif_295\slice_30.png
Created slice: media\slices/motif_295\slice_31.png
Created slice: media\slices/motif_295\slice_32.png
Created ZIP file: media\zips\motif_295.zip
Accessing motif detail for ID: 295
Accessing motif detail for ID: 296
Created grid image: media\grids\grid_motif_296.png
Created red line image: media\grids\red_motif_296.png
Created slice: media\slices/motif_296\slice_1.png
Created slice: media\slices/motif_296\slice_2.png
Created slice: media\slices/motif_296\slice_3.png
Created slice: media\slices/motif_296\slice_4.png
Created slice: media\slices/motif_296\slice_5.png
Created slice: media\slices/motif_296\slice_6.png
Created slice: media\slices/motif_296\slice_7.png
Created slice: media\slices/motif_296\slice_8.png
Created slice: media\slices/motif_296\slice_9.png
Created slice: media\slices/motif_296\slice_10.png
Created slice: media\slices/motif_296\slice_11.png
Created slice: media\slices/motif_296\slice_12.png
Created slice: media\slices/motif_296\slice_13.png
Created slice: media\slices/motif_296\slice_14.png
Created slice: media\slices/motif_296\slice_15.png
Created slice: media\slices/motif_296\slice_16.png
Created ZIP file: media\zips\motif_296.zip
Accessing motif detail for ID: 297
Created grid image: media\grids\grid_motif_297.png
Created red line image: media\grids\red_motif_297.png
Created slice: media\slices/motif_297\slice_1.png
Created slice: media\slices/motif_297\slice_2.png
Created slice: media\slices/motif_297\slice_3.png
Created slice: media\slices/motif_297\slice_4.png
Created slice: media\slices/motif_297\slice_5.png
Created slice: media\slices/motif_297\slice_6.png
Created slice: media\slices/motif_297\slice_7.png
Created slice: media\slices/motif_297\slice_8.png
Created slice: media\slices/motif_297\slice_9.png
Created slice: media\slices/motif_297\slice_10.png
Created slice: media\slices/motif_297\slice_11.png
Created slice: media\slices/motif_297\slice_12.png
Created slice: media\slices/motif_297\slice_13.png
Created slice: media\slices/motif_297\slice_14.png
Created slice: media\slices/motif_297\slice_15.png
Created slice: media\slices/motif_297\slice_16.png
Created slice: media\slices/motif_297\slice_17.png
Created slice: media\slices/motif_297\slice_18.png
Created slice: media\slices/motif_297\slice_19.png
Created slice: media\slices/motif_297\slice_20.png
Created slice: media\slices/motif_297\slice_21.png
Created slice: media\slices/motif_297\slice_22.png
Created slice: media\slices/motif_297\slice_23.png
Created slice: media\slices/motif_297\slice_24.png
Created slice: media\slices/motif_297\slice_25.png
Created slice: media\slices/motif_297\slice_26.png
Created slice: media\slices/motif_297\slice_27.png
Created slice: media\slices/motif_297\slice_28.png
Created slice: media\slices/motif_297\slice_29.png
Created slice: media\slices/motif_297\slice_30.png
Created slice: media\slices/motif_297\slice_31.png
Created slice: media\slices/motif_297\slice_32.png
Created ZIP file: media\zips\motif_297.zip
Accessing motif detail for ID: 298
Created grid image: media\grids\grid_motif_298.png
Created red line image: media\grids\red_motif_298.png
Created slice: media\slices/motif_298\slice_1.png
Created slice: media\slices/motif_298\slice_2.png
Created slice: media\slices/motif_298\slice_3.png
Created slice: media\slices/motif_298\slice_4.png
Created slice: media\slices/motif_298\slice_5.png
Created slice: media\slices/motif_298\slice_6.png
Created slice: media\slices/motif_298\slice_7.png
Created slice: media\slices/motif_298\slice_8.png
Created slice: media\slices/motif_298\slice_9.png
Created slice: media\slices/motif_298\slice_10.png
Created slice: media\slices/motif_298\slice_11.png
Created slice: media\slices/motif_298\slice_12.png
Created slice: media\slices/motif_298\slice_13.png
Created slice: media\slices/motif_298\slice_14.png
Created slice: media\slices/motif_298\slice_15.png
Created slice: media\slices/motif_298\slice_16.png
Created slice: media\slices/motif_298\slice_17.png
Created slice: media\slices/motif_298\slice_18.png
Created slice: media\slices/motif_298\slice_19.png
Created slice: media\slices/motif_298\slice_20.png
Created slice: media\slices/motif_298\slice_21.png
Created slice: media\slices/motif_298\slice_22.png
Created slice: media\slices/motif_298\slice_23.png
Created slice: media\slices/motif_298\slice_24.png
Created slice: media\slices/motif_298\slice_25.png
Created slice: media\slices/motif_298\slice_26.png
Created slice: media\slices/motif_298\slice_27.png
Created slice: media\slices/motif_298\slice_28.png
Created slice: media\slices/motif_298\slice_29.png
Created slice: media\slices/motif_298\slice_30.png
Created slice: media\slices/motif_298\slice_31.png
Created slice: media\slices/motif_298\slice_32.png
Created slice: media\slices/motif_298\slice_33.png
Created slice: media\slices/motif_298\slice_34.png
Created slice: media\slices/motif_298\slice_35.png
Created slice: media\slices/motif_298\slice_36.png
Created slice: media\slices/motif_298\slice_37.png
Created slice: media\slices/motif_298\slice_38.png
Created slice: media\slices/motif_298\slice_39.png
Created slice: media\slices/motif_298\slice_40.png
Created slice: media\slices/motif_298\slice_41.png
Created slice: media\slices/motif_298\slice_42.png
Created slice: media\slices/motif_298\slice_43.png
Created slice: media\slices/motif_298\slice_44.png
Created slice: media\slices/motif_298\slice_45.png
Created slice: media\slices/motif_298\slice_46.png
Created slice: media\slices/motif_298\slice_47.png
Created slice: media\slices/motif_298\slice_48.png
Created ZIP file: media\zips\motif_298.zip
Watching for file changes with StatReloader
Accessing motif detail for ID: 299
Created grid image: media\grids\grid_motif_299.png
Created red line image: media\grids\red_motif_299.png
Created slice: media\slices/motif_299\slice_1.png
Created slice: media\slices/motif_299\slice_2.png
Created slice: media\slices/motif_299\slice_3.png
Created slice: media\slices/motif_299\slice_4.png
Created slice: media\slices/motif_299\slice_5.png
Created slice: media\slices/motif_299\slice_6.png
Created slice: media\slices/motif_299\slice_7.png
Created slice: media\slices/motif_299\slice_8.png
Created slice: media\slices/motif_299\slice_9.png
Created slice: media\slices/motif_299\slice_10.png
Created slice: media\slices/motif_299\slice_11.png
Created slice: media\slices/motif_299\slice_12.png
Created slice: media\slices/motif_299\slice_13.png
Created slice: media\slices/motif_299\slice_14.png
Created slice: media\slices/motif_299\slice_15.png
Created slice: media\slices/motif_299\slice_16.png
Created slice: media\slices/motif_299\slice_17.png
Created slice: media\slices/motif_299\slice_18.png
Created slice: media\slices/motif_299\slice_19.png
Created slice: media\slices/motif_299\slice_20.png
Created slice: media\slices/motif_299\slice_21.png
Created slice: media\slices/motif_299\slice_22.png
Created slice: media\slices/motif_299\slice_23.png
Created slice: media\slices/motif_299\slice_24.png
Created slice: media\slices/motif_299\slice_25.png
Created slice: media\slices/motif_299\slice_26.png
Created slice: media\slices/motif_299\slice_27.png
Created slice: media\slices/motif_299\slice_28.png
Created slice: media\slices/motif_299\slice_29.png
Created slice: media\slices/motif_299\slice_30.png
Created slice: media\slices/motif_299\slice_31.png
Created slice: media\slices/motif_299\slice_32.png
Created slice: media\slices/motif_299\slice_33.png
Created slice: media\slices/motif_299\slice_34.png
Created slice: media\slices/motif_299\slice_35.png
Created slice: media\slices/motif_299\slice_36.png
Created slice: media\slices/motif_299\slice_37.png
Created slice: media\slices/motif_299\slice_38.png
Created slice: media\slices/motif_299\slice_39.png
Created slice: media\slices/motif_299\slice_40.png
Created ZIP file: media\zips\motif_299.zip
Accessing motif detail for ID: 300
Created grid image: media\grids\grid_motif_300.png
Created red line image: media\grids\red_motif_300.png
Created slice: media\slices/motif_300\slice_1.png
Created slice: media\slices/motif_300\slice_2.png
Created slice: media\slices/motif_300\slice_3.png
Created slice: media\slices/motif_300\slice_4.png
Created slice: media\slices/motif_300\slice_5.png
Created slice: media\slices/motif_300\slice_6.png
Created slice: media\slices/motif_300\slice_7.png
Created slice: media\slices/motif_300\slice_8.png
Created slice: media\slices/motif_300\slice_9.png
Created slice: media\slices/motif_300\slice_10.png
Created slice: media\slices/motif_300\slice_11.png
Created slice: media\slices/motif_300\slice_12.png
Created slice: media\slices/motif_300\slice_13.png
Created slice: media\slices/motif_300\slice_14.png
Created slice: media\slices/motif_300\slice_15.png
Created slice: media\slices/motif_300\slice_16.png
Created slice: media\slices/motif_300\slice_17.png
Created slice: media\slices/motif_300\slice_18.png
Created slice: media\slices/motif_300\slice_19.png
Created slice: media\slices/motif_300\slice_20.png
Created slice: media\slices/motif_300\slice_21.png
Created slice: media\slices/motif_300\slice_22.png
Created slice: media\slices/motif_300\slice_23.png
Created slice: media\slices/motif_300\slice_24.png
Created slice: media\slices/motif_300\slice_25.png
Created slice: media\slices/motif_300\slice_26.png
Created slice: media\slices/motif_300\slice_27.png
Created slice: media\slices/motif_300\slice_28.png
Created slice: media\slices/motif_300\slice_29.png
Created slice: media\slices/motif_300\slice_30.png
Created slice: media\slices/motif_300\slice_31.png
Created slice: media\slices/motif_300\slice_32.png
Created ZIP file: media\zips\motif_300.zip
Watching for file changes with StatReloader
Accessing motif detail for ID: 304
Resizing image D:\TA Update\AutoGenerateMotif\media/admin/7a4ba428d96944e099038a2f5855d1aa.png from 900x50
Resized to 600x33
Created grid image: media\grids\grid_motif_304.png
Created red line image: media\grids\red_motif_304.png
Created slice: media\slices/motif_304\slice_1.png
Created slice: media\slices/motif_304\slice_2.png
Created slice: media\slices/motif_304\slice_3.png
Created slice: media\slices/motif_304\slice_4.png
Created slice: media\slices/motif_304\slice_5.png
Created ZIP file: media\zips\motif_304.zip
Accessing motif detail for ID: 306
Resizing image D:\TA Update\AutoGenerateMotif\media/admin/89739a0c5ac54bec8a2e8a6abe75ed48.png from 900x50
Resized to 600x33
Created grid image: media\grids\grid_motif_306.png
Created red line image: media\grids\red_motif_306.png
Created slice: media\slices/motif_306\slice_1.png
Created slice: media\slices/motif_306\slice_2.png
Created slice: media\slices/motif_306\slice_3.png
Created slice: media\slices/motif_306\slice_4.png
Created slice: media\slices/motif_306\slice_5.png
Created ZIP file: media\zips\motif_306.zip
D:\TA Update\AutoGenerateMotif\Website\urls.py changed, reloading.
Watching for file changes with StatReloader
Accessing motif detail for ID: 306
Accessing motif detail for ID: 307
Created grid image: media\grids\grid_motif_307.png
Created red line image: media\grids\red_motif_307.png
Created slice: media\slices/motif_307\slice_1.png
Created slice: media\slices/motif_307\slice_2.png
Created slice: media\slices/motif_307\slice_3.png
Created slice: media\slices/motif_307\slice_4.png
Created slice: media\slices/motif_307\slice_5.png
Created ZIP file: media\zips\motif_307.zip
D:\TA Update\AutoGenerateMotif\Website\urls.py changed, reloading.
Watching for file changes with StatReloader
Accessing motif detail for ID: 307
Accessing motif detail for ID: 308
Created grid image: media\grids\grid_motif_308.png
Created red line image: media\grids\red_motif_308.png
Created slice: media\slices/motif_308\slice_1.png
Created slice: media\slices/motif_308\slice_2.png
Created slice: media\slices/motif_308\slice_3.png
Created slice: media\slices/motif_308\slice_4.png
Created slice: media\slices/motif_308\slice_5.png
Created ZIP file: media\zips\motif_308.zip
Accessing motif detail for ID: 308
Accessing motif detail for ID: 309
Created grid image: media\grids\grid_motif_309.png
Created red line image: media\grids\red_motif_309.png
Created slice: media\slices/motif_309\slice_1.png
Created slice: media\slices/motif_309\slice_2.png
Created slice: media\slices/motif_309\slice_3.png
Created slice: media\slices/motif_309\slice_4.png
Created slice: media\slices/motif_309\slice_5.png
Created ZIP file: media\zips\motif_309.zip
Watching for file changes with StatReloader
D:\TA Update\AutoGenerateMotif\Website\settings.py changed, reloading.
Watching for file changes with StatReloader
Watching for file changes with StatReloader
Watching for file changes with StatReloader
Watching for file changes with StatReloader
Internal Server Error: /download/
Traceback (most recent call last):
  File "C:\Users\cindy\AppData\Local\Programs\Python\Python38\lib\site-packages\django\core\handlers\exception.py", line 55, in inner
    response = get_response(request)
  File "C:\Users\cindy\AppData\Local\Programs\Python\Python38\lib\site-packages\django\core\handlers\base.py", line 197, in _get_response
    response = wrapped_callback(request, *callback_args, **callback_kwargs)
  File "C:\Users\cindy\OneDrive\Desktop\Tugas Akhir\New folder\AutoGenerateMotif\Website\views.py", line 384, in download
    return render(request, 'download.html', context)
  File "C:\Users\cindy\AppData\Local\Programs\Python\Python38\lib\site-packages\django\shortcuts.py", line 24, in render
    content = loader.render_to_string(template_name, context, request, using=using)
  File "C:\Users\cindy\AppData\Local\Programs\Python\Python38\lib\site-packages\django\template\loader.py", line 62, in render_to_string
    return template.render(context, request)
  File "C:\Users\cindy\AppData\Local\Programs\Python\Python38\lib\site-packages\django\template\backends\django.py", line 62, in render
    return self.template.render(context)
  File "C:\Users\cindy\AppData\Local\Programs\Python\Python38\lib\site-packages\django\template\base.py", line 175, in render
    return self._render(context)
  File "C:\Users\cindy\AppData\Local\Programs\Python\Python38\lib\site-packages\django\template\base.py", line 167, in _render
    return self.nodelist.render(context)
  File "C:\Users\cindy\AppData\Local\Programs\Python\Python38\lib\site-packages\django\template\base.py", line 1005, in render
    return SafeString("".join([node.render_annotated(context) for node in self]))
  File "C:\Users\cindy\AppData\Local\Programs\Python\Python38\lib\site-packages\django\template\base.py", line 1005, in <listcomp>
    return SafeString("".join([node.render_annotated(context) for node in self]))
  File "C:\Users\cindy\AppData\Local\Programs\Python\Python38\lib\site-packages\django\template\base.py", line 966, in render_annotated
    return self.render(context)
  File "C:\Users\cindy\AppData\Local\Programs\Python\Python38\lib\site-packages\django\template\defaulttags.py", line 472, in render
    url = reverse(view_name, args=args, kwargs=kwargs, current_app=current_app)
  File "C:\Users\cindy\AppData\Local\Programs\Python\Python38\lib\site-packages\django\urls\base.py", line 88, in reverse
    return resolver._reverse_with_prefix(view, prefix, *args, **kwargs)
  File "C:\Users\cindy\AppData\Local\Programs\Python\Python38\lib\site-packages\django\urls\resolvers.py", line 828, in _reverse_with_prefix
    raise NoReverseMatch(msg)
django.urls.exceptions.NoReverseMatch: Reverse for 'list' with no arguments not found. 1 pattern(s) tried: ['list/(?P<id>[0-9]+)\\Z']
Not Found: /favicon.ico
Accessing motif detail for ID: 325
Created grid image: media\grids\grid_motif_325.png
Created red line image: media\grids\red_motif_325.png
Created slice: media\slices/motif_325\slice_1.png
Created slice: media\slices/motif_325\slice_2.png
Created slice: media\slices/motif_325\slice_3.png
Created slice: media\slices/motif_325\slice_4.png
Created slice: media\slices/motif_325\slice_5.png
Created slice: media\slices/motif_325\slice_6.png
Created slice: media\slices/motif_325\slice_7.png
Created slice: media\slices/motif_325\slice_8.png
Created slice: media\slices/motif_325\slice_9.png
Created slice: media\slices/motif_325\slice_10.png
Created slice: media\slices/motif_325\slice_11.png
Created slice: media\slices/motif_325\slice_12.png
Created slice: media\slices/motif_325\slice_13.png
Created slice: media\slices/motif_325\slice_14.png
Created slice: media\slices/motif_325\slice_15.png
Created slice: media\slices/motif_325\slice_16.png
Created slice: media\slices/motif_325\slice_17.png
Created slice: media\slices/motif_325\slice_18.png
Created slice: media\slices/motif_325\slice_19.png
Created slice: media\slices/motif_325\slice_20.png
Created slice: media\slices/motif_325\slice_21.png
Created slice: media\slices/motif_325\slice_22.png
Created ZIP file: media\zips\motif_325.zip
